// Jest Snapshot v1, https://goo.gl/fbAQLP

exports[`Settings Addresses Settings Addresses: should render properly 1`] = `
<View
  style={
    Array [
      Object {
        "flex": 1,
      },
      undefined,
    ]
  }
>
  <View
    style={
      Object {
        "flex": 1,
      }
    }
  >
    <View
      style={
        Array [
          Object {
            "backgroundColor": "#000000",
            "left": 0,
            "position": "absolute",
            "right": 0,
            "top": 0,
            "zIndex": 2,
          },
          Object {
            "opacity": 0,
          },
        ]
      }
    >
      <View
        style={
          Object {
            "alignItems": "center",
            "flexDirection": "row",
            "justifyContent": "center",
            "marginBottom": 15,
            "marginTop": 30,
          }
        }
      >
        <View
          style={
            Object {
              "alignItems": "center",
              "paddingHorizontal": 50,
            }
          }
        >
          <Text
            accessible={true}
            allowFontScaling={true}
            ellipsizeMode="tail"
            numberOfLines={1}
            style={
              Array [
                Object {
                  "backgroundColor": "rgba(255, 255, 255, 0)",
                  "borderBottomColor": "#FFFFFF",
                  "color": "#FFFFFF",
                  "fontFamily": "Menlo-Regular",
                  "fontSize": 16,
                  "fontWeight": "300",
                },
                Object {
                  "opacity": 0,
                },
              ]
            }
          >
            ADDRESSES
          </Text>
        </View>
      </View>
    </View>
    <View
      style={
        Array [
          Object {
            "flex": 1,
          },
          Object {
            "opacity": 1,
          },
        ]
      }
    >
      <View
        onLayout={[Function]}
      >
        <View
          constrainWidth={750}
          source={
            Object {
              "uri": undefined,
            }
          }
        >
          <View>
            <BVLinearGradient
              colors={
                Array [
                  16777215,
                  16777215,
                  16777215,
                ]
              }
              endPoint={
                Object {
                  "x": 0,
                  "y": 0,
                }
              }
              locations={null}
              startPoint={
                Object {
                  "x": 0,
                  "y": 1,
                }
              }
              style={
                Object {
                  "paddingBottom": 15,
                  "paddingHorizontal": 15,
                  "paddingTop": 75,
                }
              }
            >
              <Text
                accessible={true}
                allowFontScaling={true}
                ellipsizeMode="tail"
                style={
                  Array [
                    Object {
                      "backgroundColor": "rgba(255, 255, 255, 0)",
                      "color": "rgb(30, 30, 30)",
                      "fontSize": 22,
                      "fontWeight": "700",
                    },
                    undefined,
                  ]
                }
              >
                Addresses
              </Text>
            </BVLinearGradient>
          </View>
        </View>
      </View>
    </View>
    <View
      style={
        Object {
          "bottom": 0,
          "left": 0,
          "position": "absolute",
          "right": 0,
          "top": 0,
          "transform": Array [
            Object {
              "translateY": 100,
            },
          ],
        }
      }
    >
      <View
        style={
          Object {
            "flex": 1,
          }
        }
      >
        <RCTScrollView
          onScroll={[Function]}
          scrollEventThrottle={16}
          showsVerticalScrollIndicator={false}
        >
          <View>
            <View
              style={
                Object {
                  "paddingTop": 1334,
                }
              }
            />
            <View
              style={
                Object {
                  "paddingBottom": 100,
                }
              }
            >
              <View
                style={
                  Object {
                    "flex": 1,
                  }
                }
              >
                <RCTScrollView
                  data={
                    Array [
                      Object {
                        "address": "180 John Street West",
                        "id": 1,
                      },
                      Object {
                        "address": "120 John Street East",
                        "id": 2,
                      },
                    ]
                  }
                  disableVirtualization={false}
                  getItem={[Function]}
                  getItemCount={[Function]}
                  horizontal={false}
                  initialNumToRender={10}
                  keyExtractor={[Function]}
                  maxToRenderPerBatch={10}
                  numColumns={1}
                  onContentSizeChange={[Function]}
                  onEndReachedThreshold={2}
                  onLayout={[Function]}
                  onMomentumScrollEnd={[Function]}
                  onScroll={[Function]}
                  onScrollBeginDrag={[Function]}
                  onScrollEndDrag={[Function]}
                  renderItem={[Function]}
                  scrollEnabled={false}
                  scrollEventThrottle={50}
                  stickyHeaderIndices={Array []}
                  updateCellsBatchingPeriod={50}
                  viewabilityConfigCallbackPairs={Array []}
                  windowSize={21}
                >
                  <View>
                    <View
                      onLayout={[Function]}
                      style={null}
                    >
                      <View
                        accessible={true}
                        isTVSelectable={true}
                        onResponderGrant={[Function]}
                        onResponderMove={[Function]}
                        onResponderRelease={[Function]}
                        onResponderTerminate={[Function]}
                        onResponderTerminationRequest={[Function]}
                        onStartShouldSetResponder={[Function]}
                        style={
                          Object {
                            "flexBasis": 150,
                            "opacity": 1,
                          }
                        }
                      >
                        <View
                          style={
                            Array [
                              Object {
                                "backgroundColor": "#FFFFFF",
                                "paddingHorizontal": 15,
                                "paddingVertical": 10,
                              },
                              Object {
                                "alignItems": "center",
                                "flexDirection": "row",
                                "justifyContent": "space-between",
                              },
                            ]
                          }
                        >
                          <View
                            style={
                              Object {
                                "marginRight": 15,
                              }
                            }
                          >
                            <View
                              style={Object {}}
                            >
                              <Text
                                accessible={true}
                                allowFontScaling={true}
                                ellipsizeMode="tail"
                                numberOfLines={1}
                                style={
                                  Array [
                                    Object {
                                      "backgroundColor": "rgba(255, 255, 255, 0)",
                                      "color": "rgb(30, 30, 30)",
                                      "fontSize": 14,
                                      "fontWeight": "300",
                                    },
                                    undefined,
                                  ]
                                }
                              >
                                180 John Street West
                              </Text>
                            </View>
                          </View>
                          <View
                            style={
                              Object {
                                "flex": 1,
                              }
                            }
                          >
                            <View
                              style={
                                Object {
                                  "alignItems": "flex-end",
                                  "flex": 1,
                                  "justifyContent": "center",
                                }
                              }
                            >
                              <Text
                                accessible={true}
                                allowFontScaling={false}
                                ellipsizeMode="tail"
                                style={
                                  Array [
                                    Object {
                                      "color": "#999999",
                                      "fontSize": 16,
                                    },
                                    undefined,
                                    Object {
                                      "fontFamily": "Material Icons",
                                      "fontStyle": "normal",
                                      "fontWeight": "normal",
                                    },
                                  ]
                                }
                              >
                                
                              </Text>
                            </View>
                          </View>
                        </View>
                      </View>
                    </View>
                    <View
                      onLayout={[Function]}
                      style={null}
                    >
                      <View
                        accessible={true}
                        isTVSelectable={true}
                        onResponderGrant={[Function]}
                        onResponderMove={[Function]}
                        onResponderRelease={[Function]}
                        onResponderTerminate={[Function]}
                        onResponderTerminationRequest={[Function]}
                        onStartShouldSetResponder={[Function]}
                        style={
                          Object {
                            "flexBasis": 150,
                            "opacity": 1,
                          }
                        }
                      >
                        <View
                          style={
                            Array [
                              Object {
                                "backgroundColor": "#FFFFFF",
                                "paddingHorizontal": 15,
                                "paddingVertical": 10,
                              },
                              Object {
                                "alignItems": "center",
                                "flexDirection": "row",
                                "justifyContent": "space-between",
                              },
                            ]
                          }
                        >
                          <View
                            style={
                              Object {
                                "marginRight": 15,
                              }
                            }
                          >
                            <View
                              style={Object {}}
                            >
                              <Text
                                accessible={true}
                                allowFontScaling={true}
                                ellipsizeMode="tail"
                                numberOfLines={1}
                                style={
                                  Array [
                                    Object {
                                      "backgroundColor": "rgba(255, 255, 255, 0)",
                                      "color": "rgb(30, 30, 30)",
                                      "fontSize": 14,
                                      "fontWeight": "300",
                                    },
                                    undefined,
                                  ]
                                }
                              >
                                120 John Street East
                              </Text>
                            </View>
                          </View>
                          <View
                            style={
                              Object {
                                "flex": 1,
                              }
                            }
                          >
                            <View
                              style={
                                Object {
                                  "alignItems": "flex-end",
                                  "flex": 1,
                                  "justifyContent": "center",
                                }
                              }
                            >
                              <Text
                                accessible={true}
                                allowFontScaling={false}
                                ellipsizeMode="tail"
                                style={
                                  Array [
                                    Object {
                                      "color": "#999999",
                                      "fontSize": 16,
                                    },
                                    undefined,
                                    Object {
                                      "fontFamily": "Material Icons",
                                      "fontStyle": "normal",
                                      "fontWeight": "normal",
                                    },
                                  ]
                                }
                              >
                                
                              </Text>
                            </View>
                          </View>
                        </View>
                      </View>
                    </View>
                  </View>
                </RCTScrollView>
                <View
                  style={
                    Object {
                      "alignItems": "center",
                      "marginHorizontal": 25,
                      "marginVertical": 15,
                    }
                  }
                >
                  <View
                    style={
                      Object {
                        "alignItems": "center",
                        "marginTop": 15,
                      }
                    }
                  >
                    <View
                      accessible={true}
                      isTVSelectable={true}
                      onResponderGrant={[Function]}
                      onResponderMove={[Function]}
                      onResponderRelease={[Function]}
                      onResponderTerminate={[Function]}
                      onResponderTerminationRequest={[Function]}
                      onStartShouldSetResponder={[Function]}
                      style={
                        Object {
                          "opacity": 1,
                        }
                      }
                    >
                      <View
                        style={
                          Array [
                            Object {
                              "alignItems": "center",
                              "backgroundColor": "#9013FE",
                              "borderRadius": 15,
                              "flexDirection": "row",
                              "justifyContent": "center",
                              "paddingHorizontal": 30,
                              "paddingVertical": 7.5,
                            },
                            false,
                            undefined,
                          ]
                        }
                      >
                        <Text
                          accessible={true}
                          allowFontScaling={true}
                          ellipsizeMode="tail"
                          style={
                            Array [
                              Object {
                                "backgroundColor": "rgba(255, 255, 255, 0)",
                                "borderBottomColor": "#FFFFFF",
                                "color": "#FFFFFF",
                                "fontSize": 16,
                                "fontWeight": "600",
                              },
                              false,
                              undefined,
                            ]
                          }
                        >
                          Add a new address
                        </Text>
                      </View>
                    </View>
                  </View>
                </View>
              </View>
            </View>
          </View>
        </RCTScrollView>
      </View>
    </View>
  </View>
</View>
`;
