// Jest Snapshot v1, https://goo.gl/fbAQLP

exports[`Shipping should render properly to snapshot 1`] = `
<inject-CartBaseScene
  activeSceneId="ShippingScene"
  keySeed="test"
>
  <inject-ShippingContent />
</inject-CartBaseScene>
`;
