// Jest Snapshot v1, https://goo.gl/fbAQLP

exports[`CartField CartField: should render properly 1`] = `
<View
  accessible={true}
  isTVSelectable={true}
  onResponderGrant={[Function]}
  onResponderMove={[Function]}
  onResponderRelease={[Function]}
  onResponderTerminate={[Function]}
  onResponderTerminationRequest={[Function]}
  onStartShouldSetResponder={[Function]}
  style={
    Object {
      "flex": 1,
      "opacity": 1,
      "padding": 15,
    }
  }
>
  <View
    style={
      Object {
        "alignItems": "center",
        "flexDirection": "row",
        "justifyContent": "flex-start",
        "paddingBottom": 3.75,
      }
    }
  >
    <View
      accessible={true}
      isTVSelectable={true}
      onResponderGrant={[Function]}
      onResponderMove={[Function]}
      onResponderRelease={[Function]}
      onResponderTerminate={[Function]}
      onResponderTerminationRequest={[Function]}
      onStartShouldSetResponder={[Function]}
      style={
        Object {
          "opacity": 1,
        }
      }
    >
      <View
        style={
          Object {
            "opacity": 0,
            "transform": Array [
              Object {
                "scale": 0.3,
              },
            ],
          }
        }
      >
        <Text
          accessible={true}
          allowFontScaling={false}
          ellipsizeMode="tail"
          style={
            Array [
              Object {
                "color": "rgb(30, 30, 30)",
                "fontSize": 10,
              },
              undefined,
              Object {
                "fontFamily": "Material Icons",
                "fontStyle": "normal",
                "fontWeight": "normal",
              },
            ]
          }
        >
          Ó°ç
        </Text>
      </View>
    </View>
    <Text
      accessible={true}
      allowFontScaling={true}
      ellipsizeMode="tail"
      numberOfLines={1}
      style={
        Array [
          Object {
            "backgroundColor": "rgba(255, 255, 255, 0)",
            "color": "rgb(30, 30, 30)",
            "flex": 1,
            "fontSize": 12,
            "fontWeight": "300",
            "marginLeft": 3.75,
          },
          Object {
            "color": "rgb(30, 30, 30)",
          },
        ]
      }
    >
      LABEL
    </Text>
  </View>
  <View />
</View>
`;
