// Jest Snapshot v1, https://goo.gl/fbAQLP

exports[`DiscountCode Discount Code: snapshot regression test 1`] = `
<View>
  <View
    accessible={true}
    isTVSelectable={true}
    onResponderGrant={[Function]}
    onResponderMove={[Function]}
    onResponderRelease={[Function]}
    onResponderTerminate={[Function]}
    onResponderTerminationRequest={[Function]}
    onStartShouldSetResponder={[Function]}
    style={
      Object {
        "opacity": 1,
      }
    }
  >
    <View
      style={
        Object {
          "alignItems": "center",
          "flex": 1,
          "flexDirection": "row",
          "justifyContent": "flex-start",
          "marginHorizontal": 15,
          "marginVertical": 15,
        }
      }
    >
      <Text
        accessible={true}
        allowFontScaling={true}
        ellipsizeMode="tail"
        style={
          Object {
            "backgroundColor": "rgba(255, 255, 255, 0)",
            "color": "#000000",
            "fontSize": 16,
            "fontWeight": "600",
          }
        }
      >
        Discount code
      </Text>
      <View
        style={
          Object {
            "alignItems": "center",
            "flex": 1,
            "flexDirection": "row",
            "justifyContent": "flex-start",
            "marginHorizontal": 7.5,
          }
        }
      >
        <Text
          accessible={true}
          allowFontScaling={true}
          ellipsizeMode="tail"
          style={
            Object {
              "backgroundColor": "rgba(255, 255, 255, 0)",
              "color": "rgb(30, 30, 30)",
              "fontSize": 16,
              "fontWeight": "300",
            }
          }
        >
          no discount code applied
        </Text>
      </View>
      <Text
        accessible={true}
        allowFontScaling={false}
        ellipsizeMode="tail"
        style={
          Array [
            Object {
              "color": "#FF0000",
              "fontSize": 25,
            },
            undefined,
            Object {
              "fontFamily": "Entypo",
              "fontStyle": "normal",
              "fontWeight": "normal",
            },
          ]
        }
      >
        ï†€
      </Text>
    </View>
  </View>
</View>
`;
