// Jest Snapshot v1, https://goo.gl/fbAQLP

exports[`Filter Main should match snapshot 1`] = `
<Provider
  filterStore={Object {}}
>
  <Component
    style={
      Object {
        "flex": 1,
        "marginBottom": 48,
      }
    }
  >
    <BaseScene
      backAction={[Function]}
      iconType="close"
      style={
        Object {
          "backgroundColor": "#FFFFFF",
          "paddingTop": 15,
        }
      }
      title="Filter"
    >
      <Filter
        style={
          Object {
            "paddingHorizontal": 15,
          }
        }
      />
    </BaseScene>
    <Component
      pointerEvents="box-none"
      style={
        Object {
          "bottom": 0,
          "left": 0,
          "position": "absolute",
          "right": 0,
        }
      }
    >
      <LinearGradient
        colors={
          Array [
            "rgba(255, 255, 255, 0.9)",
            "rgba(255, 255, 255, 0)",
          ]
        }
        end={
          Object {
            "x": 0,
            "y": 0,
          }
        }
        pointerEvents="box-none"
        start={
          Object {
            "x": 0,
            "y": 1,
          }
        }
        style={
          Object {
            "paddingBottom": 0,
          }
        }
      >
        <Component
          style={
            Object {
              "alignItems": "center",
            }
          }
        >
          <TouchableOpacity
            activeOpacity={0.2}
            onPress={[Function]}
          >
            <Component
              style={
                Object {
                  "alignItems": "center",
                  "backgroundColor": "#DEEFF5",
                  "borderRadius": 15,
                  "flexDirection": "row",
                  "justifyContent": "center",
                  "margin": 15,
                  "paddingHorizontal": 50,
                  "paddingVertical": 7.5,
                }
              }
            >
              <inject-ProductCount
                labelStyle={
                  Object {
                    "backgroundColor": "rgba(255, 255, 255, 0)",
                    "color": "#000000",
                    "fontSize": 16,
                    "fontWeight": "600",
                  }
                }
              />
            </Component>
          </TouchableOpacity>
        </Component>
      </LinearGradient>
    </Component>
  </Component>
</Provider>
`;
