// Jest Snapshot v1, https://goo.gl/fbAQLP

exports[`Single category filter should render to snapshot 1`] = `
<View
  accessible={true}
  isTVSelectable={true}
  onResponderGrant={[Function]}
  onResponderMove={[Function]}
  onResponderRelease={[Function]}
  onResponderTerminate={[Function]}
  onResponderTerminationRequest={[Function]}
  onStartShouldSetResponder={[Function]}
  style={
    Object {
      "opacity": 1,
    }
  }
>
  <View
    style={
      Object {
        "marginVertical": 5,
      }
    }
  >
    <Text
      accessible={true}
      allowFontScaling={true}
      ellipsizeMode="tail"
      style={
        Object {
          "backgroundColor": "rgba(255, 255, 255, 0)",
          "color": "rgb(30, 30, 30)",
          "fontSize": 16,
          "fontWeight": "300",
        }
      }
    >
      Apparel
    </Text>
  </View>
</View>
`;
