// Jest Snapshot v1, https://goo.gl/fbAQLP

exports[`Discount filter Discount filter: should render to snapshot 1`] = `
<View
  onLayout={[Function]}
  style={
    Object {
      "marginVertical": 7.5,
    }
  }
>
  <View
    style={
      Object {
        "overflow": "hidden",
        "paddingBottom": 15,
      }
    }
  >
    <View
      style={
        Object {
          "alignItems": "center",
          "flexDirection": "row",
          "justifyContent": "space-between",
          "transform": Array [
            Object {
              "translateY": 100,
            },
          ],
        }
      }
    >
      <Text
        accessible={true}
        allowFontScaling={true}
        ellipsizeMode="tail"
        style={
          Object {
            "backgroundColor": "rgba(255, 255, 255, 0)",
            "color": "rgb(30, 30, 30)",
            "fontSize": 12,
            "fontWeight": "300",
          }
        }
      >
        10%
      </Text>
    </View>
  </View>
  <View
    style={
      Array [
        Object {
          "height": 50,
          "position": "relative",
        },
        Object {
          "alignItems": "center",
          "height": null,
          "justifyContent": "center",
        },
      ]
    }
  >
    <View
      style={
        Array [
          Object {
            "flexDirection": "row",
          },
          Object {
            "width": 600,
          },
        ]
      }
    >
      <View
        style={
          Array [
            Object {
              "backgroundColor": "#A7A7A7",
              "borderRadius": 2,
              "height": 2,
            },
            Object {
              "marginBottom": 25,
            },
            Object {
              "backgroundColor": "rgb(200, 200, 200)",
              "height": 1,
            },
            Object {
              "width": 60,
            },
          ]
        }
      />
      <View
        style={
          Array [
            Object {
              "backgroundColor": "#A7A7A7",
              "borderRadius": 2,
              "height": 2,
            },
            Object {
              "marginBottom": 25,
            },
            Object {
              "backgroundColor": "rgb(30, 30, 30)",
              "height": 1,
            },
            Object {
              "width": 540,
            },
          ]
        }
      />
      <View
        style={
          Array [
            Object {
              "alignItems": "center",
              "backgroundColor": "transparent",
              "height": 48,
              "justifyContent": "center",
              "position": "absolute",
              "width": 48,
            },
            Object {
              "left": 23,
              "top": -31.5,
            },
            Object {
              "height": 50,
              "width": 75,
            },
            false,
          ]
        }
      >
        <View
          onMoveShouldSetResponder={[Function]}
          onMoveShouldSetResponderCapture={[Function]}
          onResponderEnd={[Function]}
          onResponderGrant={[Function]}
          onResponderMove={[Function]}
          onResponderReject={[Function]}
          onResponderRelease={[Function]}
          onResponderStart={[Function]}
          onResponderTerminate={[Function]}
          onResponderTerminationRequest={[Function]}
          onStartShouldSetResponder={[Function]}
          onStartShouldSetResponderCapture={[Function]}
          style={
            Array [
              Object {
                "alignItems": "center",
                "alignSelf": "stretch",
                "backgroundColor": "transparent",
                "justifyContent": "center",
              },
              Object {
                "borderRadius": 15,
              },
            ]
          }
        >
          <View
            style={
              Object {
                "alignItems": "center",
                "height": 50,
                "width": 75,
              }
            }
          >
            <View
              style={
                Object {
                  "alignItems": "center",
                  "height": 15,
                  "justifyContent": "center",
                  "overflow": "hidden",
                  "width": 75,
                }
              }
            >
              <View
                style={
                  Object {
                    "opacity": 1,
                  }
                }
              >
                <Text
                  accessible={true}
                  allowFontScaling={true}
                  ellipsizeMode="tail"
                  numberOfLines={1}
                  style={
                    Object {
                      "backgroundColor": "rgba(255, 255, 255, 0)",
                      "color": "#000000",
                      "fontSize": 14,
                      "fontWeight": "600",
                    }
                  }
                >
                  
                </Text>
              </View>
            </View>
            <View
              style={
                Object {
                  "height": 15,
                }
              }
            />
            <View
              style={
                Object {
                  "backgroundColor": "rgb(30, 30, 30)",
                  "borderRadius": 1.875,
                  "height": 3.75,
                  "width": 3.75,
                }
              }
            />
          </View>
        </View>
      </View>
    </View>
  </View>
</View>
`;
