// Jest Snapshot v1, https://goo.gl/fbAQLP

exports[`Product Count in filter Product Count in filter: should render to snapshot 1`] = `null`;
