// Jest Snapshot v1, https://goo.gl/fbAQLP

exports[`EmptyOrders EmptyOrders: should render without failure 1`] = `
<View
  style={
    Object {
      "marginHorizontal": 15,
    }
  }
>
  <Text
    accessible={true}
    allowFontScaling={true}
    ellipsizeMode="tail"
    style={
      Object {
        "backgroundColor": "rgba(255, 255, 255, 0)",
        "color": "rgb(30, 30, 30)",
        "fontSize": 16,
        "fontWeight": "300",
      }
    }
  >
    You have no previously completed orders
  </Text>
</View>
`;
